// Jest Snapshot v1, https://goo.gl/fbAQLP

exports[`button test 1`] = `
.c0 {
  background: red;
  color: white;
  font-size: 1em;
  margin: 1em;
  padding: 0.25em 1em;
  border: 2px solid palevioletred;
  border-radius: 3px;
}

<button
  className="c0"
/>
`;
